2021/10/24 16:21:29 ファイルに書き込む
